// Jest Snapshot v1, https://goo.gl/fbAQLP

exports[`Header unit tests renders as expected 1`] = `
<header
  className="MuiPaper-root MuiPaper-elevation MuiPaper-elevation4 MuiAppBar-root MuiAppBar-colorPrimary MuiAppBar-positionFixed sc-bcPKhP VEPHS mui-fixed css-11b3ww9-MuiPaper-root-MuiAppBar-root"
>
  <div
    className="MuiGrid-root MuiGrid-container sc-grXZZQ jHzXUA css-eqlkfr-MuiGrid-root"
  >
    <div
      className="MuiGrid-root MuiGrid-item MuiGrid-grid-xs-4 MuiGrid-grid-lg-1 MuiGrid-grid-xl-2 css-2kga1j-MuiGrid-root"
    />
    <div
      className="MuiGrid-root MuiGrid-item MuiGrid-grid-xs-4 MuiGrid-grid-lg-1 MuiGrid-grid-xl-2 css-1e0qk4k-MuiGrid-root"
    >
      <div
        className="MuiGrid-root MuiGrid-container css-wado3p-MuiGrid-root"
      >
        <div
          className="MuiGrid-root MuiGrid-item MuiGrid-grid-xs-12 css-1idn90j-MuiGrid-root"
        >
          <div
            className="MuiGrid-root MuiGrid-container css-1lym95h-MuiGrid-root"
          >
            <a
              href="/"
              onClick={[Function]}
              onMouseEnter={[Function]}
              onTouchStart={[Function]}
            >
              <img
                className="sc-dkjKgF cVXJZV"
                src="/donutsImg.png"
              />
            </a>
          </div>
        </div>
      </div>
    </div>
    <div
      className="MuiGrid-root MuiGrid-item MuiGrid-grid-md-1 MuiGrid-grid-xl-2 css-1j87gx2-MuiGrid-root"
    />
  </div>
  <div
    className="MuiGrid-root MuiGrid-container css-seg8ra-MuiGrid-root"
  >
    <div
      className="MuiGrid-root MuiGrid-item MuiGrid-grid-xs-12 css-1idn90j-MuiGrid-root"
    >
      <div
        className="MuiGrid-root MuiGrid-container css-1gk8ux-MuiGrid-root"
      >
        <div
          className="MuiGrid-root MuiGrid-item css-zgfqgc-MuiGrid-root"
        >
          <a
            href="/"
            onClick={[Function]}
            onMouseEnter={[Function]}
            onTouchStart={[Function]}
          />
        </div>
        <div
          className="MuiGrid-root MuiGrid-item css-13i4rnv-MuiGrid-root"
        >
          <div
            className="MuiGrid-root MuiGrid-container css-19s77ke-MuiGrid-root"
          />
        </div>
      </div>
    </div>
  </div>
</header>
`;
